../Core/Src/jy62.c:21:6:jy62_Init	16	static
../Core/Src/jy62.c:27:6:jy62MessageRecord	24	static
../Core/Src/jy62.c:48:6:SetBaud	16	static
../Core/Src/jy62.c:60:6:SetHorizontal	8	static
../Core/Src/jy62.c:65:6:SetVertical	8	static
../Core/Src/jy62.c:70:6:InitAngle	8	static
../Core/Src/jy62.c:75:6:Calibrate	8	static
../Core/Src/jy62.c:80:6:SleepOrAwake	8	static
../Core/Src/jy62.c:86:7:GetRoll	4	static
../Core/Src/jy62.c:90:7:GetPitch	4	static
../Core/Src/jy62.c:94:7:GetYaw	4	static
../Core/Src/jy62.c:99:7:GetTemperature	4	static
../Core/Src/jy62.c:104:7:GetAccX	4	static
../Core/Src/jy62.c:108:7:GetAccY	4	static
../Core/Src/jy62.c:112:7:GetAccZ	4	static
../Core/Src/jy62.c:117:7:GetVeloX	4	static
../Core/Src/jy62.c:121:7:GetVeloY	4	static
../Core/Src/jy62.c:125:7:GetVeloZ	4	static
../Core/Src/jy62.c:133:6:DecodeAngle	8	static
../Core/Src/jy62.c:141:6:DecodeAccelerate	8	static
../Core/Src/jy62.c:148:6:DecodeVelocity	8	static
../Core/Src/jy62.c:155:6:DecodeTemperature	8	static
../Core/Src/jy62.c:161:6:Decode	8	static
